/home/anwesh/scratch/miniconda3/envs/pt/lib/python3.10/site-packages/pydantic/_internal/_generate_schema.py:2249: UnsupportedFieldAttributeWarning: The 'repr' attribute with value False was provided to the `Field()` function, which has no effect in the context it was used. 'repr' is field-specific metadata, and can only be attached to a model field using `Annotated` metadata or by assignment. This may have happened because an `Annotated` type alias using the `type` statement was used, or if the `Field()` function was attached to a single member of a union type.
  warnings.warn(
/home/anwesh/scratch/miniconda3/envs/pt/lib/python3.10/site-packages/pydantic/_internal/_generate_schema.py:2249: UnsupportedFieldAttributeWarning: The 'frozen' attribute with value True was provided to the `Field()` function, which has no effect in the context it was used. 'frozen' is field-specific metadata, and can only be attached to a model field using `Annotated` metadata or by assignment. This may have happened because an `Annotated` type alias using the `type` statement was used, or if the `Field()` function was attached to a single member of a union type.
  warnings.warn(
wandb: Currently logged in as: anweshb to https://api.wandb.ai. Use `wandb login --relogin` to force relogin
wandb: WARNING Using a boolean value for 'reinit' is deprecated. Use 'return_previous' or 'finish_previous' instead.
wandb: setting up run e61s9pnv
wandb: Tracking run with wandb version 0.22.2
wandb: Run data is saved locally in /home/anwesh/scratch/ELL8299 Project/wandb/wandb/run-20251021_225906-e61s9pnv
wandb: Run `wandb offline` to turn off syncing.
wandb: Syncing run seq64_layers3_heads8_lr0.0003
wandb: ⭐️ View project at https://wandb.ai/anweshb/decoder-transformer-grid-search
wandb: 🚀 View run at https://wandb.ai/anweshb/decoder-transformer-grid-search/runs/e61s9pnv
Tokenized dataset loaded from disk.
Starting training with the following configuration:
seq_len: 64
num_layers: 3
num_heads: 8
lr: 0.0003
weight_decay: 0
num_epochs: 1000
Traceback (most recent call last):
  File "/home/anwesh/ELL8299 Project/code/./train.py", line 793, in <module>
    main()
  File "/home/anwesh/ELL8299 Project/code/./train.py", line 765, in main
    decoder_model = create_decoder_transformer(
  File "/home/anwesh/ELL8299 Project/code/./train.py", line 401, in create_decoder_transformer
    ).to(device)
  File "/home/anwesh/scratch/miniconda3/envs/pt/lib/python3.10/site-packages/torch/nn/modules/module.py", line 1152, in to
    return self._apply(convert)
  File "/home/anwesh/scratch/miniconda3/envs/pt/lib/python3.10/site-packages/torch/nn/modules/module.py", line 802, in _apply
    module._apply(fn)
  File "/home/anwesh/scratch/miniconda3/envs/pt/lib/python3.10/site-packages/torch/nn/modules/module.py", line 825, in _apply
    param_applied = fn(param)
  File "/home/anwesh/scratch/miniconda3/envs/pt/lib/python3.10/site-packages/torch/nn/modules/module.py", line 1150, in convert
    return t.to(device, dtype if t.is_floating_point() or t.is_complex() else None, non_blocking)
RuntimeError: CUDA error: invalid device ordinal
CUDA kernel errors might be asynchronously reported at some other API call, so the stacktrace below might be incorrect.
For debugging consider passing CUDA_LAUNCH_BLOCKING=1.
Compile with `TORCH_USE_CUDA_DSA` to enable device-side assertions.

Traceback (most recent call last):
  File "/home/anwesh/ELL8299 Project/code/./train.py", line 793, in <module>
    main()
  File "/home/anwesh/ELL8299 Project/code/./train.py", line 765, in main
    decoder_model = create_decoder_transformer(
  File "/home/anwesh/ELL8299 Project/code/./train.py", line 401, in create_decoder_transformer
    ).to(device)
  File "/home/anwesh/scratch/miniconda3/envs/pt/lib/python3.10/site-packages/torch/nn/modules/module.py", line 1152, in to
    return self._apply(convert)
  File "/home/anwesh/scratch/miniconda3/envs/pt/lib/python3.10/site-packages/torch/nn/modules/module.py", line 802, in _apply
    module._apply(fn)
  File "/home/anwesh/scratch/miniconda3/envs/pt/lib/python3.10/site-packages/torch/nn/modules/module.py", line 825, in _apply
    param_applied = fn(param)
  File "/home/anwesh/scratch/miniconda3/envs/pt/lib/python3.10/site-packages/torch/nn/modules/module.py", line 1150, in convert
    return t.to(device, dtype if t.is_floating_point() or t.is_complex() else None, non_blocking)
RuntimeError: CUDA error: invalid device ordinal
CUDA kernel errors might be asynchronously reported at some other API call, so the stacktrace below might be incorrect.
For debugging consider passing CUDA_LAUNCH_BLOCKING=1.
Compile with `TORCH_USE_CUDA_DSA` to enable device-side assertions.

[1;34mwandb[0m: 
[1;34mwandb[0m: 🚀 View run [33mseq64_layers3_heads8_lr0.0003[0m at: [34m[0m
[1;34mwandb[0m: Find logs at: [1;35m../../scratch/ELL8299 Project/wandb/wandb/run-20251021_225906-e61s9pnv/logs[0m
